=== 2026-08-25 10:56:35 ===
==================================================
开始进行价格监控检查...
==================================================
--- 股票 1行 518880 ---
名称: 黄金ETF华安
当前价格: 9.51
昨日价格: 9.564
前日价格: 9.234
当前涨幅: -0.56%
昨日涨幅: 3.57%
--- 美股 1行 ^IXIC ---
名称: NASDAQ Composite
当前价格: 25980.191
昨日价格: 26180.4609375
前日价格: 26067.169921875
当前涨幅: -0.76%
昨日涨幅: 0.43%
--- 美股 2行 ^GSPC ---
名称: S&P 500
当前价格: 7652.86
昨日价格: 7674.3701171875
前日价格: 7641.16015625
当前涨幅: -0.28%
昨日涨幅: 0.43%
--- 虚拟币 1行 BTC ---
当前价格: 80699.4
昨日价格: 77492.9
当前涨幅: 2.03%
昨日涨幅: 2.06%
24小时涨幅: 4.14%
--- 虚拟币 2行 ETH ---
当前价格: 2509.84
昨日价格: 2443.83
当前涨幅: 0.88%
昨日涨幅: 1.80%
24小时涨幅: 2.70%

==================================================
【推送预览】（未实际发送）
==================================================
【A/港国内股】
行号: 1
号码: 518880
名称: 黄金ETF华安
当前价格: 9.51
昨日价格: 9.564
前日价格: 9.234
当前涨幅: -0.56%
昨日涨幅: 3.57%
------------------------------
【美股指数】
行号: 1
号码: ^IXIC
名称: NASDAQ Composite
当前价格: 25980.191
昨日价格: 26180.4609375
前日价格: 26067.169921875
当前涨幅: -0.76%
昨日涨幅: 0.43%
------------------------------
【美股指数】
行号: 2
号码: ^GSPC
名称: S&P 500
当前价格: 7652.86
昨日价格: 7674.3701171875
前日价格: 7641.16015625
当前涨幅: -0.28%
昨日涨幅: 0.43%
------------------------------
【虚拟币】
行号: 1
号码: BTC
当前价格: 80699.4
昨日价格: 77492.9
当前涨幅: 2.03%
昨日涨幅: 2.06%
24小时涨幅: 4.14%
------------------------------
【虚拟币】
行号: 2
号码: ETH
当前价格: 2509.84
昨日价格: 2443.83
当前涨幅: 0.88%
昨日涨幅: 1.80%
24小时涨幅: 2.70%
------------------------------

==================================================
✅ 当前没有报警触发，一切正常。
==================================================
